// Jest Snapshot v1, https://goo.gl/fbAQLP

exports[`Engagement launch alert banner  matches the snapshot 1`] = `[Function]`;
